4S pack switched onto the board through the LM74502 + Q7/Q8 high-side switch; DRV8316 VM limits 40 V and 4 V/us
case                                                      peak dV/dt        ramp  I peak  Q7 Ppk    Q7 E
nominal pack/lead, new C1                                   0.003V/us    2.19V/ms  13.25A   17.7W  56.9mJ  
stiff pack, 50 nH lead, C1 ESR 40 mOhm (aged)               0.004V/us    2.19V/ms  22.62A   17.3W  57.0mJ  
stiff pack, 50 nH lead, C1 ESR 300 mOhm (-40 C)             0.005V/us    2.19V/ms  22.60A   15.5W  56.0mJ  
300 nH lead (long pigtail)                                  0.003V/us    2.19V/ms   9.52A   17.6W  56.9mJ  
12 V pack (tired 4S)                                        0.003V/us    2.28V/ms   9.47A   12.4W  28.1mJ  
gate source at the 77 uA max, stiff pack                    0.004V/us    2.95V/ms  22.62A   23.4W  56.2mJ  
gate source at the 40 uA min, nominal pack                  0.002V/us    1.28V/ms  13.25A   11.2W  59.1mJ  

Reversed pack (-16.8 V), U13 unpowered; its internal gate-source hold is unspecified, modelled as a resistor:
  gate hold   300 ohm, with D10: peak pack current  13.14 A
  gate hold   300 ohm, WITHOUT D10: peak pack current  13.16 A
  gate hold    3k ohm, with D10: peak pack current  13.19 A
  gate hold    3k ohm, WITHOUT D10: peak pack current 102.61 A
  gate hold  100k ohm, with D10: peak pack current  13.19 A
  gate hold  100k ohm, WITHOUT D10: peak pack current 148.94 A

Switch opened at 60 ms and re-closed (stiff pack, 50 nH lead); 'VM before' = bus at re-close:
  off     1 ms, C1 ESR  40 mOhm           VM before  16.4 V    0.063V/us    7.02V/ms   6.74A    0.1W   0.0mJ  
  off    10 ms, C1 ESR  40 mOhm           VM before  12.1 V    0.659V/us   78.98V/ms  76.05A    7.9W   0.1mJ  
  off   100 ms, C1 ESR  40 mOhm           VM before   8.9 V    0.002V/us    1.97V/ms  19.97A    6.8W  13.9mJ  
  off   300 ms, C1 ESR  40 mOhm           VM before   8.2 V    0.002V/us    1.98V/ms  22.54A    6.9W  16.2mJ  
  off   500 ms, C1 ESR  40 mOhm           VM before   7.6 V    0.002V/us    2.01V/ms  22.56A    7.7W  18.4mJ  
  off   700 ms, C1 ESR  40 mOhm           VM before   6.9 V    0.002V/us    2.02V/ms  22.50A    8.3W  20.7mJ  
  off   100 ms, C1 ESR 300 mOhm min UVLO  VM before   8.9 V    1.841V/us  700.55V/ms 104.83A   14.9W   0.1mJ  
  off   300 ms, C1 ESR 300 mOhm min UVLO  VM before   8.2 V    2.019V/us  794.07V/ms 116.67A   18.4W   0.1mJ  
  off   350 ms, C1 ESR 300 mOhm min UVLO  VM before   8.0 V    2.048V/us  795.23V/ms 119.09A   19.2W   0.1mJ  
  off   400 ms, C1 ESR 300 mOhm min UVLO  VM before   7.9 V    2.093V/us  766.48V/ms 121.90A   20.1W   0.1mJ  
  off   450 ms, C1 ESR 300 mOhm min UVLO  VM before   7.7 V    0.050V/us    2.74V/ms  17.92A   56.1W  15.4mJ  
  off   500 ms, C1 ESR 300 mOhm min UVLO  VM before   7.5 V    0.002V/us    1.99V/ms  22.55A    6.8W  18.0mJ  
  off   700 ms, C1 ESR 300 mOhm min UVLO  VM before   6.9 V    0.002V/us    2.03V/ms  22.68A    7.4W  20.2mJ  
  off   500 ms, C1 ESR  60 mOhm min UVLO  VM before   7.5 V    0.002V/us    2.00V/ms  22.39A    7.5W  18.5mJ  
  off  1000 ms, C1 ESR 300 mOhm min UVLO  VM before   6.1 V    0.002V/us    2.04V/ms  22.37A    8.2W  23.4mJ  
  off  1500 ms, C1 ESR 300 mOhm min UVLO  VM before   5.0 V    0.002V/us    2.07V/ms  22.40A    9.5W  28.3mJ  

Contact bounce under a 20 A weapon load (C18 delays the UVLO, the FETs stay on while the bus falls);
  C1 ESR 40 mOhm = aged limit at 20 C, 100 mOhm = bound for aged at 0 C (interpolated between the ZK 20 C and -40 C limits);
  (all at the DRV8316 VM pins, behind R302/R402 0.1 ohm + 2 x 10 uF 1210):
   0.3 ms bounce, 20 A load, nominal    C1  40 mOhm VM before   4.7 V    0.734V/us   135.4A  
   0.3 ms bounce, 20 A load, stiff      C1  40 mOhm VM before   4.7 V    1.507V/us   212.5A  
   0.8 ms bounce, 20 A load, stiff      C1  40 mOhm VM before   4.4 V    1.529V/us   217.0A  
   0.1 ms bounce, 20 A load, stiff, 0 C C1 100 mOhm VM before   9.3 V    1.405V/us   109.0A  
   0.3 ms bounce, 20 A load, stiff, 0 C C1 100 mOhm VM before   4.7 V    2.106V/us   192.7A  
   0.8 ms bounce, 20 A load, stiff, 0 C C1 100 mOhm VM before   4.5 V    2.136V/us   197.3A  
   0.3 ms bounce, 20 A load, -40 C limit C1 300 mOhm VM before   4.8 V    2.622V/us   181.8A  
